// Jest Snapshot v1, https://goo.gl/fbAQLP

exports[`Config Default 1`] = `
Object {
  "attention": Object {
    "sections": Object {
      "dependencies": "Dependencies",
      "devDependencies": "DevDependencies",
      "engine": "Engine",
      "license": "License",
      "optionalDependencies": "OptionalDependencies,",
      "peerDependencies": "PeerDependencies",
    },
    "templates": Object {
      "added": "Added %name% with %val%",
      "bumped": "Bumped %name% from %pver% to %ver%",
      "changed": "Changed %name% from %pval% to %val%",
      "downgraded": "Downgraded %name% from %pver% to %ver%",
      "removed": "Removed %name%, with %pval%",
      "unchanged": "%name% left unchanged, with %val%",
    },
    "title": "Important Changes",
  },
  "ignore": Object {
    "authors": Array [
      "dependabot-preview[bot]",
    ],
    "scopes": Array [
      "deps",
      "deps-dev",
    ],
    "subjects": Array [
      "merge",
    ],
    "types": Array [
      "build",
    ],
  },
  "levels": Object {
    "major": Array [
      "break",
    ],
    "minor": Array [
      "feat",
      "improve",
    ],
    "patch": Array [
      "fix",
      "chore",
      "refactor",
      "test",
      "docs",
      "build",
      "types",
      "style",
      "workflow",
      "perf",
      "revert",
    ],
  },
  "markers": Object {
    "break": "BREAKING CHANGES",
    "deprecated": "DEPRECATIONS",
    "group": "Grouped commit",
    "hide": "Hidden commits",
    "important": "Important Internal Changes",
  },
  "plugins": Array [
    "attention",
    "marker",
    "scope",
    "section",
  ],
  "provider": "github",
  "scopes": Object {
    "list": Object {
      "api": "API",
      "core": "Core",
      "dts": "TypeScript Declaration Improvements",
      "fc": "Functional Components",
      "ssr": "Server Side Rendering",
    },
    "only": false,
  },
  "sections": Array [
    Object {
      "Features": Array [
        "feat",
      ],
    },
    Object {
      "Improvements": Array [
        "improve",
      ],
    },
    Object {
      "Bug Fixes": Array [
        "fix",
      ],
    },
    Object {
      "Internal changes": Array [
        "types",
        "workflow",
        "build",
        "test",
        "chore",
        "docs",
      ],
    },
    Object {
      "Performance Improvements": Array [
        "perf",
      ],
    },
    Object {
      "Code Refactoring": Array [
        "refactor",
      ],
    },
    Object {
      "Reverts": Array [
        "revert",
      ],
    },
  ],
}
`;
